// Jest Snapshot v1, https://goo.gl/fbAQLP

exports[`A tests for my Rockets component Check whether Rockets component renders 1`] = `
<div
  className="super-mission"
>
  <div
    className="header-container"
  >
    <p>
      Mission
    </p>
    <p
      className="hola"
    >
      Description
    </p>
    <p
      className="status"
    >
      Status
    </p>
    <p
      className="join"
    >
      JOin
    </p>
  </div>
  <div
    className="mission-container"
  />
</div>
`;

exports[`A tests for my Rockets component We now check whether it renders the rockets correctly 1`] = `
<div
  className="super-mission"
>
  <div
    className="header-container"
  >
    <p>
      Mission
    </p>
    <p
      className="hola"
    >
      Description
    </p>
    <p
      className="status"
    >
      Status
    </p>
    <p
      className="join"
    >
      JOin
    </p>
  </div>
  <div
    className="mission-container"
  />
</div>
`;

exports[`A tests for my missions component Check whether Rockets component renders 1`] = `
<div
  className="super-mission"
>
  <div
    className="header-container"
  >
    <p>
      Mission
    </p>
    <p
      className="hola"
    >
      Description
    </p>
    <p
      className="status"
    >
      Status
    </p>
    <p
      className="join"
    >
      JOin
    </p>
  </div>
  <div
    className="mission-container"
  />
</div>
`;

exports[`A tests for my missions component Check whether mission component renders 1`] = `
<div
  className="super-mission"
>
  <div
    className="header-container"
  >
    <p>
      Mission
    </p>
    <p
      className="hola"
    >
      Description
    </p>
    <p
      className="status"
    >
      Status
    </p>
    <p
      className="join"
    >
      JOin
    </p>
  </div>
  <div
    className="mission-container"
  />
</div>
`;

exports[`A tests for my missions component We now check whether it renders the mission correctly 1`] = `
<div
  className="super-mission"
>
  <div
    className="header-container"
  >
    <p>
      Mission
    </p>
    <p
      className="hola"
    >
      Description
    </p>
    <p
      className="status"
    >
      Status
    </p>
    <p
      className="join"
    >
      JOin
    </p>
  </div>
  <div
    className="mission-container"
  />
</div>
`;

exports[`A tests for my missions component We now check whether it renders the rockets correctly 1`] = `
<div
  className="super-mission"
>
  <div
    className="header-container"
  >
    <p>
      Mission
    </p>
    <p
      className="hola"
    >
      Description
    </p>
    <p
      className="status"
    >
      Status
    </p>
    <p
      className="join"
    >
      JOin
    </p>
  </div>
  <div
    className="mission-container"
  />
</div>
`;
