// Jest Snapshot v1, https://goo.gl/fbAQLP

exports[`This is atest to check the my profile page 1`] = `
<div
  className="myProfile"
>
  <section
    className="my-missions"
  >
    <h2>
      My Mission
    </h2>
    <ul
      className="reservedCont"
    >
      ;
    </ul>
  </section>
  <section
    className="my-rockets"
  >
    <h2>
      My Rockets
    </h2>
    <ul
      className="reservedCont"
    />
  </section>
</div>
`;
