// Jest Snapshot v1, https://goo.gl/fbAQLP

exports[`A tests for my Rockets component Check whether Rockets component renders 1`] = `
<div
  className="rocket"
  id={1}
>
  <div
    className="rocketLeft"
  >
    <img
      alt="rocket"
      src="https://img.icons8.com/external-xnimrodx-blue-xnimrodx/64/000000/external-rocket-online-marketing-xnimrodx-blue-xnimrodx.png"
    />
  </div>
  <div
    className="rocketRight"
  >
    <h2>
      falcon1
    </h2>
    <p>
      This is a description about Falcon 1
    </p>
    <button
      id={1}
      onClick={[Function]}
      type="button"
    >
      Reserve Rocket
    </button>
  </div>
</div>
`;
